<html>
<body>
<pre>
<h1>µVision Build Log</h1>
<h2>Project:</h2>
F:\CORTEX_MUD_IOT\iot_led(Tx_Rx)\UART.uvproj
Project File Date:  01/01/2018

<h2>Output:</h2>
Build target 'Target 1'
linking...
Program Size: Code=1452 RO-data=320 RW-data=132 ZI-data=2036  
".\UART.axf" - 0 Error(s), 0 Warning(s).
Load "F:\\CORTEX_MUD_IOT\\iot_led(Tx_Rx)\\UART.axf" 
Erase Done.
Programming Done.
Verify OK.
Load "F:\\CORTEX_MUD_IOT\\iot_led(Tx_Rx)\\UART.axf" 
Erase Done.
Programming Done.
Verify OK.
</pre>
</body>
</html>
iot_led(Tx_Rx)\\UART.axf" 
Erase Done.
Programming Done.
Verify OK.
